\BOOKMARK [1][-]{Doc-Start}{\376\377\004\022\004\062\004\065\004\064\004\065\004\075\004\070\004\065}{}% 1
\BOOKMARK [1][-]{Doc-Start}{\376\377\004\023\004\073\004\060\004\062\004\060\000\040\0001\000.\000\040\004\020\004\075\004\060\004\073\004\070\004\067\000\040\004\077\004\100\004\065\004\064\004\074\004\065\004\102\004\075\004\076\004\071\000\040\004\076\004\061\004\073\004\060\004\101\004\102\004\070}{}% 2
\BOOKMARK [2][-]{subsection.1.1}{\376\377\004\036\004\061\004\067\004\076\004\100\000\040\004\101\004\103\004\111\004\065\004\101\004\102\004\062\004\103\004\116\004\111\004\070\004\105\000\040\004\077\004\073\004\060\004\102\004\104\004\076\004\100\004\074\000\040\004\064\004\073\004\117\000\040\004\067\004\060\004\072\004\060\004\067\004\060\000\040\004\065\004\064\004\113\000\040\004\070\000\040\004\061\004\100\004\076\004\075\004\070\004\100\004\076\004\062\004\060\004\075\004\070\004\117\000\040\004\101\004\102\004\076\004\073\004\070\004\072\004\076\004\062}{Doc-Start}% 3
\BOOKMARK [2][-]{subsection.1.2}{\376\377\004\020\004\075\004\060\004\073\004\070\004\067\000\040\004\077\004\100\004\076\004\063\004\100\004\060\004\074\004\074\004\075\004\113\004\105\000\040\004\070\004\075\004\101\004\102\004\100\004\103\004\074\004\065\004\075\004\102\004\076\004\062\000\040\004\100\004\060\004\067\004\100\004\060\004\061\004\076\004\102\004\072\004\070}{Doc-Start}% 4
\BOOKMARK [3][-]{subsubsection.1.2.1}{\376\377\004\020\004\075\004\060\004\073\004\070\004\067\000\040\004\102\004\065\004\105\004\075\004\076\004\073\004\076\004\063\004\070\004\071\000\040\004\072\004\073\004\070\004\065\004\075\004\102\004\101\004\072\004\076\004\071\000\040\004\107\004\060\004\101\004\102\004\070}{subsection.1.2}% 5
\BOOKMARK [3][-]{subsubsection.1.2.2}{\376\377\004\020\004\075\004\060\004\073\004\070\004\067\000\040\004\102\004\065\004\105\004\075\004\076\004\073\004\076\004\063\004\070\004\071\000\040\004\101\004\065\004\100\004\062\004\065\004\100\004\075\004\076\004\071\000\040\004\107\004\060\004\101\004\102\004\070}{subsection.1.2}% 6
\BOOKMARK [3][-]{subsubsection.1.2.3}{\376\377\004\022\004\113\004\061\004\076\004\100\000\040\004\101\004\070\004\101\004\102\004\065\004\074\004\113\000\040\004\103\004\077\004\100\004\060\004\062\004\073\004\065\004\075\004\070\004\117\000\040\004\061\004\060\004\067\004\060\004\074\004\070\000\040\004\064\004\060\004\075\004\075\004\113\004\105}{subsection.1.2}% 7
\BOOKMARK [3][-]{subsubsection.1.2.4}{\376\377\004\022\004\113\004\061\004\076\004\100\000\040\000O\000R\000M}{subsection.1.2}% 8
\BOOKMARK [2][-]{subsection.1.3}{\376\377\004\044\004\076\004\100\004\074\004\103\004\073\004\070\004\100\004\076\004\062\004\072\004\060\000\040\004\106\004\065\004\073\004\070\000\040\004\070\000\040\004\067\004\060\004\064\004\060\004\107\000\040\004\100\004\060\004\061\004\076\004\102\004\113}{Doc-Start}% 9
\BOOKMARK [1][-]{Item.8}{\376\377\004\023\004\073\004\060\004\062\004\060\000\040\0002\000.\000\040\004\037\004\100\004\076\004\065\004\072\004\102\004\070\004\100\004\076\004\062\004\060\004\075\004\070\004\065\000\040\004\062\004\065\004\061\000-\004\077\004\100\004\070\004\073\004\076\004\066\004\065\004\075\004\070\004\117}{}% 10
\BOOKMARK [2][-]{subsection.2.1}{\376\377\004\020\004\075\004\060\004\073\004\070\004\067\000\040\004\077\004\100\004\065\004\064\004\074\004\065\004\102\004\075\004\076\004\071\000\040\004\076\004\061\004\073\004\060\004\101\004\102\004\070\000\040\004\070\000\040\004\106\004\065\004\073\004\065\004\062\004\076\004\071\000\040\004\060\004\103\004\064\004\070\004\102\004\076\004\100\004\070\004\070}{Item.8}% 11
\BOOKMARK [2][-]{subsection.2.2}{\376\377\004\036\004\077\004\070\004\101\004\060\004\075\004\070\004\065\000\040\004\104\004\103\004\075\004\072\004\106\004\070\004\076\004\075\004\060\004\073\004\114\004\075\004\076\004\101\004\102\004\070\000\040\004\101\004\070\004\101\004\102\004\065\004\074\004\113}{Item.8}% 12
\BOOKMARK [2][-]{subsection.2.3}{\376\377\004\020\004\100\004\105\004\070\004\102\004\065\004\072\004\102\004\103\004\100\004\060\000\040\004\062\004\065\004\061\000-\004\077\004\100\004\070\004\073\004\076\004\066\004\065\004\075\004\070\004\117}{Item.8}% 13
\BOOKMARK [2][-]{subsection.2.4}{\376\377\004\037\004\100\004\076\004\065\004\072\004\102\004\070\004\100\004\076\004\062\004\060\004\075\004\070\004\065\000\040\004\061\004\060\004\067\004\113\000\040\004\064\004\060\004\075\004\075\004\113\004\105}{Item.8}% 14
\BOOKMARK [2][-]{subsection.2.5}{\376\377\004\034\004\076\004\064\004\065\004\073\004\114\000\040\004\076\004\061\004\100\004\060\004\061\004\076\004\102\004\072\004\070\000\040\004\061\004\100\004\076\004\075\004\070\004\100\004\076\004\062\004\060\004\075\004\070\004\071}{Item.8}% 15
\BOOKMARK [2][-]{subsection.2.6}{\376\377\004\037\004\100\004\076\004\065\004\072\004\102\004\070\004\100\004\076\004\062\004\060\004\075\004\070\004\065\000\040\004\101\004\070\004\101\004\102\004\065\004\074\004\113\000\040\004\060\004\062\004\102\004\076\004\100\004\070\004\067\004\060\004\106\004\070\004\070}{Item.8}% 16
\BOOKMARK [2][-]{subsection.2.7}{\376\377\004\037\004\100\004\076\004\065\004\072\004\102\004\070\004\100\004\076\004\062\004\060\004\075\004\070\004\065\000\040\004\077\004\076\004\073\004\114\004\067\004\076\004\062\004\060\004\102\004\065\004\073\004\114\004\101\004\072\004\076\004\063\004\076\000\040\004\070\004\075\004\102\004\065\004\100\004\104\004\065\004\071\004\101\004\060}{Item.8}% 17
\BOOKMARK [2][-]{subsection.2.8}{\376\377\004\040\004\060\004\067\004\100\004\060\004\061\004\076\004\102\004\072\004\060\000\040\004\074\004\060\004\072\004\065\004\102\004\076\004\062\000\040\004\101\004\102\004\100\004\060\004\075\004\070\004\106}{Item.8}% 18
\BOOKMARK [3][-]{subsubsection.2.8.1}{\376\377\004\023\004\073\004\060\004\062\004\075\004\060\004\117\000\040\004\101\004\102\004\100\004\060\004\075\004\070\004\106\004\060}{subsection.2.8}% 19
\BOOKMARK [3][-]{subsubsection.2.8.2}{\376\377\004\041\004\102\004\100\004\060\004\075\004\070\004\106\004\060\000\040\004\074\004\065\004\075\004\116}{subsection.2.8}% 20
\BOOKMARK [3][-]{subsubsection.2.8.3}{\376\377\004\041\004\102\004\100\004\060\004\075\004\070\004\106\004\060\000\040\004\061\004\100\004\076\004\075\004\070\004\100\004\076\004\062\004\060\004\075\004\070\004\117}{subsection.2.8}% 21
\BOOKMARK [2][-]{subsection.2.9}{\376\377\004\022\004\113\004\062\004\076\004\064\000\040\004\077\004\076\000\040\004\063\004\073\004\060\004\062\004\065}{Item.8}% 22
\BOOKMARK [1][-]{subsection.2.9}{\376\377\004\023\004\073\004\060\004\062\004\060\000\040\0003\000.\000\040\004\040\004\065\004\060\004\073\004\070\004\067\004\060\004\106\004\070\004\117\000\040\004\062\004\065\004\061\000-\004\077\004\100\004\070\004\073\004\076\004\066\004\065\004\075\004\070\004\117}{}% 23
\BOOKMARK [2][-]{subsection.3.1}{\376\377\004\041\004\102\004\100\004\103\004\072\004\102\004\103\004\100\004\060\000\040\004\077\004\100\004\076\004\065\004\072\004\102\004\060\000\040\004\070\000\040\004\076\004\101\004\075\004\076\004\062\004\075\004\113\004\065\000\040\004\104\004\060\004\071\004\073\004\113}{subsection.2.9}% 24
\BOOKMARK [2][-]{subsection.3.2}{\376\377\004\040\004\065\004\060\004\073\004\070\004\067\004\060\004\106\004\070\004\117\000\040\004\074\004\076\004\064\004\065\004\073\004\070\000\040\004\064\004\060\004\075\004\075\004\113\004\105}{subsection.2.9}% 25
\BOOKMARK [2][-]{subsection.3.3}{\376\377\004\034\004\070\004\063\004\100\004\060\004\106\004\070\004\070\000\040\004\061\004\060\004\067\004\113\000\040\004\064\004\060\004\075\004\075\004\113\004\105}{subsection.2.9}% 26
\BOOKMARK [2][-]{subsection.3.4}{\376\377\004\040\004\065\004\060\004\073\004\070\004\067\004\060\004\106\004\070\004\117\000\040\000R\000E\000S\000T\000\040\000A\000P\000I}{subsection.2.9}% 27
\BOOKMARK [2][-]{subsection.3.5}{\376\377\004\040\004\065\004\060\004\073\004\070\004\067\004\060\004\106\004\070\004\117\000\040\004\101\004\070\004\101\004\102\004\065\004\074\004\113\000\040\004\060\004\103\004\102\004\065\004\075\004\102\004\070\004\104\004\070\004\072\004\060\004\106\004\070\004\070\000\040\004\070\000\040\004\060\004\062\004\102\004\076\004\100\004\070\004\067\004\060\004\106\004\070\004\070}{subsection.2.9}% 28
\BOOKMARK [2][-]{subsection.3.6}{\376\377\004\040\004\065\004\060\004\073\004\070\004\067\004\060\004\106\004\070\004\117\000\040\004\063\004\073\004\060\004\062\004\075\004\076\004\071\000\040\004\101\004\102\004\100\004\060\004\075\004\070\004\106\004\113\000\040\004\070\000\040\004\075\004\060\004\062\004\070\004\063\004\060\004\106\004\070\004\070}{subsection.2.9}% 29
\BOOKMARK [2][-]{subsection.3.7}{\376\377\004\040\004\065\004\060\004\073\004\070\004\067\004\060\004\106\004\070\004\117\000\040\004\101\004\102\004\100\004\060\004\075\004\070\004\106\004\113\000\040\004\074\004\065\004\075\004\116}{subsection.2.9}% 30
\BOOKMARK [2][-]{subsection.3.8}{\376\377\004\040\004\065\004\060\004\073\004\070\004\067\004\060\004\106\004\070\004\117\000\040\004\101\004\102\004\100\004\060\004\075\004\070\004\106\004\113\000\040\004\061\004\100\004\076\004\075\004\070\004\100\004\076\004\062\004\060\004\075\004\070\004\117\000\040\004\101\004\102\004\076\004\073\004\076\004\062}{subsection.2.9}% 31
\BOOKMARK [2][-]{subsection.3.9}{\376\377\004\040\004\065\004\060\004\073\004\070\004\067\004\060\004\106\004\070\004\117\000\040\004\101\004\070\004\101\004\102\004\065\004\074\004\113\000\040\004\101\004\102\004\060\004\102\004\103\004\101\004\076\004\062\000\040\004\101\004\102\004\076\004\073\004\076\004\062\000\040\004\062\000\040\004\100\004\065\004\060\004\073\004\114\004\075\004\076\004\074\000\040\004\062\004\100\004\065\004\074\004\065\004\075\004\070}{subsection.2.9}% 32
\BOOKMARK [2][-]{subsection.3.10}{\376\377\004\040\004\065\004\060\004\073\004\070\004\067\004\060\004\106\004\070\004\117\000\040\004\076\004\104\004\076\004\100\004\074\004\073\004\065\004\075\004\070\004\117\000\040\004\067\004\060\004\072\004\060\004\067\004\076\004\062}{subsection.2.9}% 33
\BOOKMARK [2][-]{subsection.3.11}{\376\377\004\040\004\065\004\060\004\073\004\070\004\067\004\060\004\106\004\070\004\117\000\040\004\073\004\070\004\107\004\075\004\076\004\063\004\076\000\040\004\072\004\060\004\061\004\070\004\075\004\065\004\102\004\060\000\040\004\077\004\076\004\073\004\114\004\067\004\076\004\062\004\060\004\102\004\065\004\073\004\117}{subsection.2.9}% 34
\BOOKMARK [2][-]{subsection.3.12}{\376\377\004\040\004\065\004\060\004\073\004\070\004\067\004\060\004\106\004\070\004\117\000\040\004\060\004\064\004\074\004\070\004\075\004\070\004\101\004\102\004\100\004\060\004\102\004\070\004\062\004\075\004\076\004\071\000\040\004\077\004\060\004\075\004\065\004\073\004\070}{subsection.2.9}% 35
\BOOKMARK [3][-]{subsubsection.3.12.1}{\376\377\004\022\004\072\004\073\004\060\004\064\004\072\004\060\000\040\000\253\004\020\004\075\004\060\004\073\004\070\004\102\004\070\004\072\004\060\000\273}{subsection.3.12}% 36
\BOOKMARK [3][-]{subsubsection.3.12.2}{\376\377\004\022\004\072\004\073\004\060\004\064\004\072\004\060\000\040\000\253\004\034\004\065\004\075\004\116\000\273}{subsection.3.12}% 37
\BOOKMARK [3][-]{subsubsection.3.12.3}{\376\377\004\022\004\072\004\073\004\060\004\064\004\072\004\060\000\040\000\253\004\041\004\102\004\076\004\073\004\113\000\273}{subsection.3.12}% 38
\BOOKMARK [3][-]{subsubsection.3.12.4}{\376\377\004\022\004\072\004\073\004\060\004\064\004\072\004\060\000\040\000\253\004\027\004\060\004\072\004\060\004\067\004\113\000\273}{subsection.3.12}% 39
\BOOKMARK [3][-]{subsubsection.3.12.5}{\376\377\004\022\004\072\004\073\004\060\004\064\004\072\004\060\000\040\000\253\004\043\004\107\004\065\004\102\004\075\004\113\004\065\000\040\004\067\004\060\004\077\004\070\004\101\004\070\000\273}{subsection.3.12}% 40
\BOOKMARK [3][-]{subsubsection.3.12.6}{\376\377\004\022\004\072\004\073\004\060\004\064\004\072\004\060\000\040\000\253\004\037\004\065\004\100\004\101\004\076\004\075\004\060\004\073\000\273}{subsection.3.12}% 41
\BOOKMARK [2][-]{subsection.3.13}{\376\377\004\037\004\100\004\076\004\062\004\065\004\100\004\072\004\060\000\040\004\100\004\060\004\061\004\076\004\102\004\113\000\040\004\077\004\100\004\070\004\073\004\076\004\066\004\065\004\075\004\070\004\117}{subsection.2.9}% 42
\BOOKMARK [2][-]{subsection.3.14}{\376\377\004\041\004\070\004\101\004\102\004\065\004\074\004\060\000\040\004\072\004\076\004\075\004\102\004\100\004\076\004\073\004\117\000\040\004\062\004\065\004\100\004\101\004\070\004\071\000\040\004\070\000\040\004\101\004\102\004\100\004\103\004\072\004\102\004\103\004\100\004\060\000\040\004\100\004\065\004\077\004\076\004\067\004\070\004\102\004\076\004\100\004\070\004\117}{subsection.2.9}% 43
\BOOKMARK [2][-]{subsection.3.15}{\376\377\004\032\004\076\004\075\004\102\004\065\004\071\004\075\004\065\004\100\004\070\004\067\004\060\004\106\004\070\004\117\000\040\004\101\004\065\004\100\004\062\004\065\004\100\004\075\004\076\004\071\000\040\004\107\004\060\004\101\004\102\004\070\000\040\004\101\000\040\004\070\004\101\004\077\004\076\004\073\004\114\004\067\004\076\004\062\004\060\004\075\004\070\004\065\004\074\000\040\000D\000o\000c\000k\000e\000r}{subsection.2.9}% 44
\BOOKMARK [2][-]{subsection.3.16}{\376\377\004\040\004\060\004\067\004\062\004\121\004\100\004\102\004\113\004\062\004\060\004\075\004\070\004\065\000\040\004\070\000\040\004\105\004\076\004\101\004\102\004\070\004\075\004\063}{subsection.2.9}% 45
\BOOKMARK [1][-]{subsection.3.16}{\376\377\004\027\004\060\004\072\004\073\004\116\004\107\004\065\004\075\004\070\004\065}{}% 46
